../Core/Src/main.c:174:6:debug_led_blink	24	static
../Core/Src/main.c:184:6:simple_sound_test	24	static
../Core/Src/main.c:221:6:test_sound	96	static
../Core/Src/main.c:242:6:check_tim_config	320	static
../Core/Src/main.c:271:6:debug_send_status	344	static
../Core/Src/main.c:299:13:buf_init	16	static
../Core/Src/main.c:307:13:buf_push	16	static
../Core/Src/main.c:318:13:buf_pop	16	static
../Core/Src/main.c:329:6:send_uart	24	static
../Core/Src/main.c:343:6:send_uart_line	16	static
../Core/Src/main.c:349:6:activate_interrupts	8	static
../Core/Src/main.c:356:10:calculate_arr_for_freq	24	static
../Core/Src/main.c:375:6:start_track_playback	24	static
../Core/Src/main.c:386:6:HAL_UART_RxCpltCallback	16	static
../Core/Src/main.c:406:6:HAL_UART_TxCpltCallback	16	static
../Core/Src/main.c:413:6:HAL_TIM_PeriodElapsedCallback	32	static
../Core/Src/main.c:456:5:main	2704	static
../Core/Src/main.c:766:6:SystemClock_Config	88	static
../Core/Src/main.c:822:6:Error_Handler	16	static,ignoring_inline_asm
